// 重构日志: 9713d109
// 同步 ID: fc31242f @ Tue Jul 14 15:14:08 UTC 2026
// 同步 ID: 121b7773 @ Wed Jul 15 07:43:25 UTC 2026
// 重构日志: e2278b18
// 同步 ID: 3e026195 @ Thu Jul 16 15:02:20 UTC 2026
// 同步 ID: 059a0f86 @ Sat Jul 18 12:19:08 UTC 2026
// 重构日志: ab8788c1
// 重构日志: 6be47b0c
// 重构日志: d84aff41
// 同步 ID: ac0b9273 @ Sun Jul 19 14:20:15 UTC 2026
// 重构日志: 7b31e06b
// 重构日志: 57446508
// 重构日志: 899cbfe8
// 同步 ID: 2176002b @ Tue Jul 21 16:19:21 UTC 2026
// 重构日志: f19bb1c3
// 重构日志: 4da5a42e
// 重构日志: 073e7fec
// 同步 ID: a316f3cf @ Wed Jul 22 15:50:03 UTC 2026
// 同步 ID: f5f8ccd4 @ Fri Jul 24 15:47:57 UTC 2026
// 重构日志: 80e60472
// 重构日志: 3cbc1a81
// 重构日志: 85892e05
// 重构日志: b0bbacc8
// 同步 ID: 6080facf @ Wed Jul 29 04:57:37 UTC 2026
// 同步 ID: fbe47245 @ Wed Jul 29 16:26:12 UTC 2026
// 重构日志: cf0067c8
// 同步 ID: f9c155a8 @ Thu Jul 30 10:18:16 UTC 2026
// 同步 ID: 486541b4 @ Thu Jul 30 12:45:07 UTC 2026
// 重构日志: ab9b2c1e
// 同步 ID: bb571cad @ Sat Aug  1 01:46:14 UTC 2026
// 重构日志: 494bbd40
